[fit] output_scene=uniform102K sft_scene=uniform102K ckpt=1080
[fit] figure=/mnt/public/dingbowen/RETU/analysis/flops_estimate_kit/fit_result/uniform102K/ckpt1080/qwen_2_5_7b_sft_uniform102K_dapo_1080_max_step_auto_ts10_fp60_hparam_best.png
Selected hyperparameters
  fit_points_num=60
  train_split=[10, 70]
  val_split=[70, 100]
  use_robust_reg=False
  lts_alpha=0.75
  outlier_threshold=2.5
  val_most=100
  free_c0=True
SFT step=360 segment_steps=360 cumulative_eflops=34.67
SFT step=720 segment_steps=360 cumulative_eflops=69.34
SFT step=1080 segment_steps=360 cumulative_eflops=104.01
SFT step=1440 segment_steps=360 cumulative_eflops=138.68
SFT step=1800 segment_steps=360 cumulative_eflops=173.35
Loading uniform102K_flops2valPerform_sft_dict.pkl from /mnt/public/dingbowen/RETU/analysis/flops_estimate_kit/cache/sft/uniform102K_flops2valPerform_sft_dict.pkl
Loading uniform102K_step2flops2valPerform_dapo_ckpt1080.pkl from /mnt/public/dingbowen/RETU/analysis/flops_estimate_kit/cache/sft_then_rl/uniform102K/uniform102K_step2flops2valPerform_dapo_ckpt1080.pkl
step2flops_per_ckpt: {0: 0, 360: 34.67, 720: 69.34, 1080: 104.01, 1440: 138.68, 1800: 173.35}
branch_flops: {1080: 104.01}
Config set for benchmark 'overall': {'split_mode': 'index', 'train_range': (10, 70), 'val_range': (70, 100), 'detect_outliers': True, 'outlier_threshold': 2.5, 'use_robust_regression': False, 'lts_alpha': 0.75, 'model_types': ['logistic'], 'metric': 'auto', 'fixed_C0': None, 'exclude_nonpositive_val': False}

Analyzing SFT Checkpoint 1080
Default config: {'split_mode': 'index', 'train_range': (0, 60), 'val_range': (60, 100), 'detect_outliers': True, 'outlier_threshold': 2.5, 'use_robust_regression': False, 'lts_alpha': 0.75, 'model_types': 'auto', 'metric': 'val_rmse', 'fixed_C0': None, 'exclude_nonpositive_val': False}
Benchmark-specific config applied to 1 benchmarks
use fit_logistic_grid_search: False
use fit_logistic_grid_search: False
use fit_logistic_grid_search: False
use fit_logistic_grid_search: False
Figure saved to: /mnt/public/dingbowen/RETU/analysis/flops_estimate_kit/fit_result/uniform102K/ckpt1080/qwen_2_5_7b_sft_uniform102K_dapo_1080_max_step_auto_ts10_fp60_hparam_best.png

==================================================================================================================================
SFT Checkpoint 1080 - Summary of Best Models
Selected 1 benchmarks
==================================================================================================================================
use fit_logistic_grid_search: False
use fit_logistic_grid_search: False
use fit_logistic_grid_search: False
use fit_logistic_grid_search: False
Benchmark | Model    | Train R² | Val R²   | Val RMSE | AIC    | BIC   | Mode | Config     
-------------------------------------------------------------------------------------------
overall   | logistic | 0.9131   | -10.5382 | 0.3227   | -101.8 | -93.6 | inde | TR:(10, 70)
use fit_logistic_grid_search: False
use fit_logistic_grid_search: False
use fit_logistic_grid_search: False
use fit_logistic_grid_search: False

====================================================================================================
Predictions for Future FLOPs
====================================================================================================

overall (Model: logistic)
Config: TR:(10, 70), RR:False
Equation: y = 1.46 + 3.38/(1+(118/x)^6.61)
  FLOPs=30000: 4.8425
  FLOPs=40000: 4.8425
  FLOPs=50000: 4.8425
  FLOPs=60000: 4.8425
Wrote metrics to /mnt/public/dingbowen/RETU/analysis/flops_estimate_kit/fit_result/uniform102K/ckpt1080/metrics.json
