[fit] output_scene=s1K sft_scene=s1K ckpt=62
[fit] figure=/mnt/public/dingbowen/RETU/analysis/flops_estimate_kit/fit_result/s1K/ckpt62/qwen_2_5_7b_sft_s1K_dapo_62_max_step_auto_ts12_fp75_hparam_best.png
Selected hyperparameters
  fit_points_num=75
  train_split=[12, 87]
  val_split=[87, 100]
  use_robust_reg=True
  lts_alpha=0.75
  outlier_threshold=2.5
  val_most=100
  free_c0=True
SFT step=62 segment_steps=62 cumulative_eflops=0.57
SFT step=124 segment_steps=62 cumulative_eflops=1.14
SFT step=186 segment_steps=62 cumulative_eflops=1.71
SFT step=248 segment_steps=62 cumulative_eflops=2.28
SFT step=310 segment_steps=62 cumulative_eflops=2.85
Loading s1K_flops2valPerform_sft_dict.pkl from /mnt/public/dingbowen/RETU/analysis/flops_estimate_kit/cache/sft/s1K_flops2valPerform_sft_dict.pkl
Loading s1K_step2flops2valPerform_dapo_ckpt62.pkl from /mnt/public/dingbowen/RETU/analysis/flops_estimate_kit/cache/sft_then_rl/s1K/s1K_step2flops2valPerform_dapo_ckpt62.pkl
step2flops_per_ckpt: {0: 0, 62: 0.57, 124: 1.14, 186: 1.71, 248: 2.28, 310: 2.85}
branch_flops: {62: 0.57}
Config set for benchmark 'overall': {'split_mode': 'index', 'train_range': (12, 87), 'val_range': (87, 100), 'detect_outliers': True, 'outlier_threshold': 2.5, 'use_robust_regression': True, 'lts_alpha': 0.75, 'model_types': ['logistic'], 'metric': 'auto', 'fixed_C0': None, 'exclude_nonpositive_val': False}

Analyzing SFT Checkpoint 62
Default config: {'split_mode': 'index', 'train_range': (0, 60), 'val_range': (60, 100), 'detect_outliers': True, 'outlier_threshold': 2.5, 'use_robust_regression': False, 'lts_alpha': 0.75, 'model_types': 'auto', 'metric': 'val_rmse', 'fixed_C0': None, 'exclude_nonpositive_val': False}
Benchmark-specific config applied to 1 benchmarks
Figure saved to: /mnt/public/dingbowen/RETU/analysis/flops_estimate_kit/fit_result/s1K/ckpt62/qwen_2_5_7b_sft_s1K_dapo_62_max_step_auto_ts12_fp75_hparam_best.png

==================================================================================================================================
SFT Checkpoint 62 - Summary of Best Models
Selected 1 benchmarks
==================================================================================================================================
Benchmark | Model    | Train R² | Val R² | Val RMSE | AIC   | BIC   | Mode | Config     
----------------------------------------------------------------------------------------
overall   | logistic | 0.9615   | 0.9615 | 0.3019   | -92.6 | -85.6 | inde | TR:(12, 87)

====================================================================================================
Predictions for Future FLOPs
====================================================================================================

overall (Model: logistic)
Config: TR:(12, 87), RR:True
Equation: y = 4.40 + 4.32/(1+(107/x)^8.48)
  FLOPs=30000: 8.7177
  FLOPs=40000: 8.7177
  FLOPs=50000: 8.7177
  FLOPs=60000: 8.7177
Wrote metrics to /mnt/public/dingbowen/RETU/analysis/flops_estimate_kit/fit_result/s1K/ckpt62/metrics.json
