[fit] output_scene=s1K sft_scene=s1K ckpt=248
[fit] figure=/mnt/public/dingbowen/RETU/analysis/flops_estimate_kit/fit_result/s1K/ckpt248/qwen_2_5_7b_sft_s1K_dapo_248_max_step_auto_fit56_hparam_best.png
Selected hyperparameters
  fit_points_num=56
  train_split=None
  val_split=None
  use_robust_reg=True
  lts_alpha=0.75
  outlier_threshold=2.5
  val_most=100
  free_c0=False
SFT step=62 segment_steps=62 cumulative_eflops=0.57
SFT step=124 segment_steps=62 cumulative_eflops=1.14
SFT step=186 segment_steps=62 cumulative_eflops=1.71
SFT step=248 segment_steps=62 cumulative_eflops=2.28
SFT step=310 segment_steps=62 cumulative_eflops=2.85
Loading s1K_flops2valPerform_sft_dict.pkl from /mnt/public/dingbowen/RETU/analysis/flops_estimate_kit/cache/sft/s1K_flops2valPerform_sft_dict.pkl
Loading s1K_step2flops2valPerform_dapo_ckpt248.pkl from /mnt/public/dingbowen/RETU/analysis/flops_estimate_kit/cache/sft_then_rl/s1K/s1K_step2flops2valPerform_dapo_ckpt248.pkl
step2flops_per_ckpt: {0: 0, 62: 0.57, 124: 1.14, 186: 1.71, 248: 2.28, 310: 2.85}
branch_flops: {248: 2.28}
Config set for benchmark 'overall': {'split_mode': 'index', 'train_range': (0, 56), 'val_range': (56, 100), 'detect_outliers': True, 'outlier_threshold': 2.5, 'use_robust_regression': True, 'lts_alpha': 0.75, 'model_types': ['logistic'], 'metric': 'auto', 'fixed_C0': 0, 'exclude_nonpositive_val': False}

Analyzing SFT Checkpoint 248
Default config: {'split_mode': 'index', 'train_range': (0, 60), 'val_range': (60, 100), 'detect_outliers': True, 'outlier_threshold': 2.5, 'use_robust_regression': False, 'lts_alpha': 0.75, 'model_types': 'auto', 'metric': 'val_rmse', 'fixed_C0': 0, 'exclude_nonpositive_val': False}
Benchmark-specific config applied to 1 benchmarks
Figure saved to: /mnt/public/dingbowen/RETU/analysis/flops_estimate_kit/fit_result/s1K/ckpt248/qwen_2_5_7b_sft_s1K_dapo_248_max_step_auto_fit56_hparam_best.png

==================================================================================================================================
SFT Checkpoint 248 - Summary of Best Models
Selected 1 benchmarks
==================================================================================================================================
Benchmark | Model    | Train R² | Val R² | Val RMSE | AIC   | BIC   | Mode | Config    
---------------------------------------------------------------------------------------
overall   | logistic | 0.8843   | 0.0841 | 0.4476   | -97.5 | -92.3 | inde | TR:(0, 56)

====================================================================================================
Predictions for Future FLOPs
====================================================================================================

overall (Model: logistic)
Config: TR:(0, 56), RR:True
Equation: y = 0.00 + 2.47/(1+(93/x)^2.75) [C0 fixed]
  FLOPs=30000: 2.4663
  FLOPs=40000: 2.4663
  FLOPs=50000: 2.4663
  FLOPs=60000: 2.4663
Wrote metrics to /mnt/public/dingbowen/RETU/analysis/flops_estimate_kit/fit_result/s1K/ckpt248/metrics.json
