[fit] output_scene=hard102K sft_scene=hard102K ckpt=1080
[fit] figure=/mnt/public/dingbowen/RETU/analysis/flops_estimate_kit/fit_result/hard102K/ckpt1080/qwen_2_5_7b_sft_hard102K_dapo_1080_max_step_auto_fit35_hparam_best.png
Selected hyperparameters
  fit_points_num=35
  train_split=None
  val_split=None
  use_robust_reg=True
  lts_alpha=0.85
  outlier_threshold=2.5
  val_most=100
  free_c0=False
SFT step=360 segment_steps=360 cumulative_eflops=89.25
SFT step=720 segment_steps=360 cumulative_eflops=178.5
SFT step=1080 segment_steps=360 cumulative_eflops=267.75
SFT step=1440 segment_steps=360 cumulative_eflops=357.0
SFT step=1800 segment_steps=360 cumulative_eflops=446.25
Loading hard102K_flops2valPerform_sft_dict_0422.pkl from /mnt/public/dingbowen/RETU/analysis/flops_estimate_kit/cache/sft/hard102K_flops2valPerform_sft_dict_0422.pkl
Loading hard102K_step2flops2valPerform_dapo_ckpt1080.pkl from /mnt/public/dingbowen/RETU/analysis/flops_estimate_kit/cache/sft_then_rl/hard102K/hard102K_step2flops2valPerform_dapo_ckpt1080.pkl
step2flops_per_ckpt: {0: 0, 360: 89.25, 720: 178.5, 1080: 267.75, 1440: 357.0, 1800: 446.25}
branch_flops: {1080: 267.75}
Config set for benchmark 'overall': {'split_mode': 'index', 'train_range': (0, 35), 'val_range': (35, 100), 'detect_outliers': True, 'outlier_threshold': 2.5, 'use_robust_regression': True, 'lts_alpha': 0.85, 'model_types': ['logistic'], 'metric': 'auto', 'fixed_C0': 0, 'exclude_nonpositive_val': False}

Analyzing SFT Checkpoint 1080
Default config: {'split_mode': 'index', 'train_range': (0, 60), 'val_range': (60, 100), 'detect_outliers': True, 'outlier_threshold': 2.5, 'use_robust_regression': False, 'lts_alpha': 0.75, 'model_types': 'auto', 'metric': 'val_rmse', 'fixed_C0': 0, 'exclude_nonpositive_val': False}
Benchmark-specific config applied to 1 benchmarks
Figure saved to: /mnt/public/dingbowen/RETU/analysis/flops_estimate_kit/fit_result/hard102K/ckpt1080/qwen_2_5_7b_sft_hard102K_dapo_1080_max_step_auto_fit35_hparam_best.png

==================================================================================================================================
SFT Checkpoint 1080 - Summary of Best Models
Selected 1 benchmarks
==================================================================================================================================
Benchmark | Model    | Train R² | Val R² | Val RMSE | AIC   | BIC   | Mode | Config    
---------------------------------------------------------------------------------------
overall   | logistic | 0.9718   | 0.1875 | 0.4326   | -43.5 | -39.6 | inde | TR:(0, 35)

====================================================================================================
Predictions for Future FLOPs
====================================================================================================

overall (Model: logistic)
Config: TR:(0, 35), RR:True
Equation: y = 0.00 + 6.65/(1+(61/x)^3.54) [C0 fixed]
  FLOPs=30000: 6.6494
  FLOPs=40000: 6.6494
  FLOPs=50000: 6.6494
  FLOPs=60000: 6.6494
Wrote metrics to /mnt/public/dingbowen/RETU/analysis/flops_estimate_kit/fit_result/hard102K/ckpt1080/metrics.json
