[fit] output_scene=s1K sft_scene=s1K ckpt=186
[fit] figure=/mnt/public/dingbowen/RETU/analysis/flops_estimate_kit/fit_result/s1K/ckpt186/qwen_2_5_7b_sft_s1K_dapo_186_max_step_auto_fit65_hparam_best.png
Selected hyperparameters
  fit_points_num=65
  train_split=None
  val_split=None
  use_robust_reg=False
  lts_alpha=0.75
  outlier_threshold=2.5
  val_most=100
  free_c0=False
SFT step=62 segment_steps=62 cumulative_eflops=0.57
SFT step=124 segment_steps=62 cumulative_eflops=1.14
SFT step=186 segment_steps=62 cumulative_eflops=1.71
SFT step=248 segment_steps=62 cumulative_eflops=2.28
SFT step=310 segment_steps=62 cumulative_eflops=2.85
Loading s1K_flops2valPerform_sft_dict.pkl from /mnt/public/dingbowen/RETU/analysis/flops_estimate_kit/cache/sft/s1K_flops2valPerform_sft_dict.pkl
Loading s1K_step2flops2valPerform_dapo_ckpt186.pkl from /mnt/public/dingbowen/RETU/analysis/flops_estimate_kit/cache/sft_then_rl/s1K/s1K_step2flops2valPerform_dapo_ckpt186.pkl
step2flops_per_ckpt: {0: 0, 62: 0.57, 124: 1.14, 186: 1.71, 248: 2.28, 310: 2.85}
branch_flops: {186: 1.71}
Config set for benchmark 'overall': {'split_mode': 'index', 'train_range': (0, 65), 'val_range': (65, 100), 'detect_outliers': True, 'outlier_threshold': 2.5, 'use_robust_regression': False, 'lts_alpha': 0.75, 'model_types': ['logistic'], 'metric': 'auto', 'fixed_C0': 0, 'exclude_nonpositive_val': False}

Analyzing SFT Checkpoint 186
Default config: {'split_mode': 'index', 'train_range': (0, 60), 'val_range': (60, 100), 'detect_outliers': True, 'outlier_threshold': 2.5, 'use_robust_regression': False, 'lts_alpha': 0.75, 'model_types': 'auto', 'metric': 'val_rmse', 'fixed_C0': 0, 'exclude_nonpositive_val': False}
Benchmark-specific config applied to 1 benchmarks
use fit_logistic_grid_search: False
use fit_logistic_grid_search: False
Figure saved to: /mnt/public/dingbowen/RETU/analysis/flops_estimate_kit/fit_result/s1K/ckpt186/qwen_2_5_7b_sft_s1K_dapo_186_max_step_auto_fit65_hparam_best.png

==================================================================================================================================
SFT Checkpoint 186 - Summary of Best Models
Selected 1 benchmarks
==================================================================================================================================
use fit_logistic_grid_search: False
use fit_logistic_grid_search: False
Benchmark | Model    | Train R² | Val R²  | Val RMSE | AIC   | BIC   | Mode | Config    
----------------------------------------------------------------------------------------
overall   | logistic | 0.7621   | -0.2540 | 0.4727   | -99.0 | -92.5 | inde | TR:(0, 65)
use fit_logistic_grid_search: False
use fit_logistic_grid_search: False

====================================================================================================
Predictions for Future FLOPs
====================================================================================================

overall (Model: logistic)
Config: TR:(0, 65), RR:False
Equation: y = 0.00 + 3.98/(1+(99/x)^1.11) [C0 fixed]
  FLOPs=30000: 3.9752
  FLOPs=40000: 3.9771
  FLOPs=50000: 3.9782
  FLOPs=60000: 3.9789
Wrote metrics to /mnt/public/dingbowen/RETU/analysis/flops_estimate_kit/fit_result/s1K/ckpt186/metrics.json
