[fit] output_scene=s1K sft_scene=s1K ckpt=310
[fit] figure=/mnt/public/dingbowen/RETU/analysis/flops_estimate_kit/fit_result/s1K/ckpt310/qwen_2_5_7b_sft_s1K_dapo_310_max_step_auto_ts8_fp62_hparam_best.png
Selected hyperparameters
  fit_points_num=62
  train_split=[8, 70]
  val_split=[70, 100]
  use_robust_reg=True
  lts_alpha=0.75
  outlier_threshold=3.0
  val_most=100
  free_c0=True
SFT step=62 segment_steps=62 cumulative_eflops=0.57
SFT step=124 segment_steps=62 cumulative_eflops=1.14
SFT step=186 segment_steps=62 cumulative_eflops=1.71
SFT step=248 segment_steps=62 cumulative_eflops=2.28
SFT step=310 segment_steps=62 cumulative_eflops=2.85
Loading s1K_flops2valPerform_sft_dict.pkl from /mnt/public/dingbowen/RETU/analysis/flops_estimate_kit/cache/sft/s1K_flops2valPerform_sft_dict.pkl
Loading s1K_step2flops2valPerform_dapo_ckpt310.pkl from /mnt/public/dingbowen/RETU/analysis/flops_estimate_kit/cache/sft_then_rl/s1K/s1K_step2flops2valPerform_dapo_ckpt310.pkl
step2flops_per_ckpt: {0: 0, 62: 0.57, 124: 1.14, 186: 1.71, 248: 2.28, 310: 2.85}
branch_flops: {310: 2.85}
Config set for benchmark 'overall': {'split_mode': 'index', 'train_range': (8, 70), 'val_range': (70, 100), 'detect_outliers': True, 'outlier_threshold': 3.0, 'use_robust_regression': True, 'lts_alpha': 0.75, 'model_types': ['logistic'], 'metric': 'auto', 'fixed_C0': None, 'exclude_nonpositive_val': False}

Analyzing SFT Checkpoint 310
Default config: {'split_mode': 'index', 'train_range': (0, 60), 'val_range': (60, 100), 'detect_outliers': True, 'outlier_threshold': 2.5, 'use_robust_regression': False, 'lts_alpha': 0.75, 'model_types': 'auto', 'metric': 'val_rmse', 'fixed_C0': None, 'exclude_nonpositive_val': False}
Benchmark-specific config applied to 1 benchmarks
Figure saved to: /mnt/public/dingbowen/RETU/analysis/flops_estimate_kit/fit_result/s1K/ckpt310/qwen_2_5_7b_sft_s1K_dapo_310_max_step_auto_ts8_fp62_hparam_best.png

==================================================================================================================================
SFT Checkpoint 310 - Summary of Best Models
Selected 1 benchmarks
==================================================================================================================================
Benchmark | Model    | Train R² | Val R² | Val RMSE | AIC    | BIC    | Mode | Config    
-----------------------------------------------------------------------------------------
overall   | logistic | 0.9157   | 0.0000 | 0.0074   | -135.5 | -128.2 | inde | TR:(8, 70)

====================================================================================================
Predictions for Future FLOPs
====================================================================================================

overall (Model: logistic)
Config: TR:(8, 70), RR:True
Equation: y = 1.53 + 1.78/(1+(134/x)^11.17)
  FLOPs=30000: 3.3114
  FLOPs=40000: 3.3114
  FLOPs=50000: 3.3114
  FLOPs=60000: 3.3114
Wrote metrics to /mnt/public/dingbowen/RETU/analysis/flops_estimate_kit/fit_result/s1K/ckpt310/metrics.json
