[fit] output_scene=hard102K sft_scene=hard102K ckpt=360
[fit] figure=/mnt/public/dingbowen/RETU/analysis/flops_estimate_kit/fit_result/hard102K/ckpt360/qwen_2_5_7b_sft_hard102K_dapo_360_max_step_auto_fit22_hparam_best.png
Selected hyperparameters
  fit_points_num=22
  train_split=None
  val_split=None
  use_robust_reg=False
  lts_alpha=0.75
  outlier_threshold=4.0
  val_most=100
  free_c0=False
SFT step=360 segment_steps=360 cumulative_eflops=89.25
SFT step=720 segment_steps=360 cumulative_eflops=178.5
SFT step=1080 segment_steps=360 cumulative_eflops=267.75
SFT step=1440 segment_steps=360 cumulative_eflops=357.0
SFT step=1800 segment_steps=360 cumulative_eflops=446.25
Loading hard102K_flops2valPerform_sft_dict_0422.pkl from /mnt/public/dingbowen/RETU/analysis/flops_estimate_kit/cache/sft/hard102K_flops2valPerform_sft_dict_0422.pkl
Loading hard102K_step2flops2valPerform_dapo_ckpt360.pkl from /mnt/public/dingbowen/RETU/analysis/flops_estimate_kit/cache/sft_then_rl/hard102K/hard102K_step2flops2valPerform_dapo_ckpt360.pkl
step2flops_per_ckpt: {0: 0, 360: 89.25, 720: 178.5, 1080: 267.75, 1440: 357.0, 1800: 446.25}
branch_flops: {360: 89.25}
Config set for benchmark 'overall': {'split_mode': 'index', 'train_range': (0, 22), 'val_range': (22, 100), 'detect_outliers': True, 'outlier_threshold': 4.0, 'use_robust_regression': False, 'lts_alpha': 0.75, 'model_types': ['logistic'], 'metric': 'auto', 'fixed_C0': 0, 'exclude_nonpositive_val': False}

Analyzing SFT Checkpoint 360
Default config: {'split_mode': 'index', 'train_range': (0, 60), 'val_range': (60, 100), 'detect_outliers': True, 'outlier_threshold': 2.5, 'use_robust_regression': False, 'lts_alpha': 0.75, 'model_types': 'auto', 'metric': 'val_rmse', 'fixed_C0': 0, 'exclude_nonpositive_val': False}
Benchmark-specific config applied to 1 benchmarks
use fit_logistic_grid_search: False
use fit_logistic_grid_search: False
Figure saved to: /mnt/public/dingbowen/RETU/analysis/flops_estimate_kit/fit_result/hard102K/ckpt360/qwen_2_5_7b_sft_hard102K_dapo_360_max_step_auto_fit22_hparam_best.png

==================================================================================================================================
SFT Checkpoint 360 - Summary of Best Models
Selected 1 benchmarks
==================================================================================================================================
use fit_logistic_grid_search: False
use fit_logistic_grid_search: False
Benchmark | Model    | Train R² | Val R² | Val RMSE | AIC   | BIC   | Mode | Config    
---------------------------------------------------------------------------------------
overall   | logistic | 0.8195   | 0.3974 | 0.5024   | -37.0 | -33.7 | inde | TR:(0, 22)
use fit_logistic_grid_search: False
use fit_logistic_grid_search: False

====================================================================================================
Predictions for Future FLOPs
====================================================================================================

overall (Model: logistic)
Config: TR:(0, 22), RR:False
Equation: y = 0.00 + 4.90/(1+(40/x)^0.85) [C0 fixed]
  FLOPs=30000: 4.8792
  FLOPs=40000: 4.8830
  FLOPs=50000: 4.8854
  FLOPs=60000: 4.8870
Wrote metrics to /mnt/public/dingbowen/RETU/analysis/flops_estimate_kit/fit_result/hard102K/ckpt360/metrics.json
